// Jest Snapshot v1, https://goo.gl/fbAQLP

exports[`Button Component renders children correctly 1`] = `
<View
  accessibilityState={
    {
      "busy": undefined,
      "checked": undefined,
      "disabled": undefined,
      "expanded": undefined,
      "selected": undefined,
    }
  }
  accessibilityValue={
    {
      "max": undefined,
      "min": undefined,
      "now": undefined,
      "text": undefined,
    }
  }
  accessible={true}
  collapsable={false}
  focusable={false}
  onClick={[Function]}
  onResponderGrant={[Function]}
  onResponderMove={[Function]}
  onResponderRelease={[Function]}
  onResponderTerminate={[Function]}
  onResponderTerminationRequest={[Function]}
  onStartShouldSetResponder={[Function]}
  style={
    {
      "alignItems": "center",
      "backgroundColor": "#BF0A25",
      "borderBottomLeftRadius": 6,
      "borderBottomRightRadius": 6,
      "borderTopLeftRadius": 6,
      "borderTopRightRadius": 6,
      "flexDirection": "row",
      "height": 48,
      "justifyContent": "center",
      "opacity": 1,
    }
  }
>
  <Text
    style={
      [
        {
          "color": "#fff",
        },
        {
          "fontFamily": "Inter_600SemiBold",
        },
        {
          "textAlign": "center",
        },
        {
          "fontSize": 16,
          "lineHeight": 24,
        },
        {
          "marginLeft": 8,
          "marginRight": 8,
        },
      ]
    }
  >
    Click Me
  </Text>
</View>
`;
